[36mvite v6.3.5 [32mbuilding for production...[36m[39m
transforming...
[32mΓ£ô[39m 38 modules transformed.
rendering chunks...
computing gzip size...
[2mdist/[22m[32mindex.html                 [39m[1m[2m  0.77 kB[22m[1m[22m[2m Γöé gzip:  0.43 kB[22m
[2mdist/[22m[35massets/index-CT6CUhyO.css  [39m[1m[2m  8.90 kB[22m[1m[22m[2m Γöé gzip:  2.52 kB[22m
[2mdist/[22m[36massets/index-F5_nM2QP.js   [39m[1m[2m195.97 kB[22m[1m[22m[2m Γöé gzip: 61.41 kB[22m
[32mΓ£ô built in 838ms[39m
